// Jest Snapshot v1, https://goo.gl/fbAQLP

exports[`<Heading /> should render the heading 1`] = `
.c0 {
  color: #333333;
}

.c1 {
  font-weight: 800;
  font-size: 4.8rem;
  width: -webkit-min-content;
  width: -moz-min-content;
  width: min-content;
  position: relative;
  margin-bottom: 5.6rem;
}

.c1::after {
  content: '';
  position: absolute;
  bottom: -2.6rem;
  left: 0;
  width: 11.2rem;
  border-bottom: 1rem solid #333333;
}

.c2 {
  font-weight: 400;
}

@media (max-width:450px) {
  .c1 {
    font-size: 2.8rem;
  }
}

<div
  class="c0"
>
  <h1
    class="c1"
  >
    Heading
  </h1>
  <p
    class="c2"
  />
</div>
`;
