// Jest Snapshot v1, https://goo.gl/fbAQLP

exports[`<Radio /> should render with label 1`] = `
.c0 {
  display: -webkit-box;
  display: -webkit-flex;
  display: -ms-flexbox;
  display: flex;
  -webkit-align-items: center;
  -webkit-box-align: center;
  -ms-flex-align: center;
  align-items: center;
  -webkit-box-pack: justify;
  -webkit-justify-content: space-between;
  -ms-flex-pack: justify;
  justify-content: space-between;
  padding: 1.6rem 0;
  color: #333333;
  font-weight: 300;
  border-bottom: 1px solid #808080;
}

.c1 {
  display: -webkit-box;
  display: -webkit-flex;
  display: -ms-flexbox;
  display: flex;
  -webkit-align-items: center;
  -webkit-box-align: center;
  -ms-flex-align: center;
  align-items: center;
  -webkit-box-pack: center;
  -webkit-justify-content: center;
  -ms-flex-pack: center;
  justify-content: center;
}

.c2 {
  display: -webkit-box;
  display: -webkit-flex;
  display: -ms-flexbox;
  display: flex;
  -webkit-align-items: center;
  -webkit-box-align: center;
  -ms-flex-align: center;
  align-items: center;
  -webkit-box-pack: center;
  -webkit-justify-content: center;
  -ms-flex-pack: center;
  justify-content: center;
  -webkit-appearance: none;
  -moz-appearance: none;
  appearance: none;
  width: 1.8rem;
  height: 1.8rem;
  border: 0.2rem solid #FFB612;
  border-radius: 50%;
  background: transparent;
  -webkit-transition: background ease-in-out;
  transition: background ease-in-out;
  outline: none;
  cursor: pointer;
}

.c2:focus {
  box-shadow: 0 0 0.5rem #FFB612;
}

.c2:before {
  content: '';
  width: 0.8rem;
  height: 0.8rem;
  border-radius: 50%;
  background: #FFB612;
  -webkit-transition: opacity ease-in-out;
  transition: opacity ease-in-out;
  opacity: 0;
  position: absolute;
}

.c2:checked:before {
  opacity: 1;
}

.c3 {
  margin-left: 0.8rem;
  cursor: pointer;
  line-height: 1;
}

<div
  class="c0"
>
  <div
    class="c1"
  >
    <input
      class="c2"
      id="radio"
      type="radio"
      value="anyValue"
    />
    <label
      class="c3"
      for="radio"
    >
      Radio
    </label>
  </div>
  <p
    class=""
  />
</div>
`;
